
> frontend@0.1.0 format /Users/mac/Desktop/projects/contracts-management/apps/web
> prettier --write "**/*.{ts,tsx}"

api/axios.ts[2K[1G[90mapi/axios.ts[39m 29ms (unchanged)
app/contracts/[contractId]/page.tsx[2K[1G[90mapp/contracts/[contractId]/page.tsx[39m 6ms (unchanged)
app/contracts/page.tsx[2K[1G[90mapp/contracts/page.tsx[39m 2ms (unchanged)
app/convensions/[convensionId]/page.tsx[2K[1G[90mapp/convensions/[convensionId]/page.tsx[39m 2ms (unchanged)
app/convensions/page.tsx[2K[1G[90mapp/convensions/page.tsx[39m 2ms (unchanged)
app/dashboard/page.tsx[2K[1G[90mapp/dashboard/page.tsx[39m 1ms (unchanged)
app/directions/page.tsx[2K[1G[90mapp/directions/page.tsx[39m 1ms (unchanged)
app/forgot-password/page.tsx[2K[1G[90mapp/forgot-password/page.tsx[39m 1ms (unchanged)
app/layout.tsx[2K[1G[90mapp/layout.tsx[39m 4ms (unchanged)
app/page.tsx[2K[1G[90mapp/page.tsx[39m 23ms (unchanged)
app/reset-password/page.tsx[2K[1G[90mapp/reset-password/page.tsx[39m 2ms (unchanged)
app/settings/page.tsx[2K[1G[90mapp/settings/page.tsx[39m 1ms (unchanged)
app/signin/page.tsx[2K[1G[90mapp/signin/page.tsx[39m 15ms (unchanged)
app/users/[userId]/page.tsx[2K[1G[90mapp/users/[userId]/page.tsx[39m 1ms (unchanged)
app/users/page.tsx[2K[1G[90mapp/users/page.tsx[39m 1ms (unchanged)
app/vendors/[vendorId]/page.tsx[2K[1G[90mapp/vendors/[vendorId]/page.tsx[39m 1ms (unchanged)
app/vendors/page.tsx[2K[1G[90mapp/vendors/page.tsx[39m 1ms (unchanged)
e2e/fixtures.ts[2K[1G[90me2e/fixtures.ts[39m 11ms (unchanged)
e2e/global.setup.ts[2K[1G[90me2e/global.setup.ts[39m 9ms (unchanged)
e2e/tests/agreements-filter.spec.ts[2K[1G[90me2e/tests/agreements-filter.spec.ts[39m 33ms (unchanged)
e2e/tests/auth.spec.ts[2K[1G[90me2e/tests/auth.spec.ts[39m 8ms (unchanged)
e2e/tests/contract-execution.spec.ts[2K[1G[90me2e/tests/contract-execution.spec.ts[39m 15ms (unchanged)
e2e/tests/contracts.spec.ts[2K[1G[90me2e/tests/contracts.spec.ts[39m 12ms (unchanged)
e2e/tests/conventions.spec.ts[2K[1G[90me2e/tests/conventions.spec.ts[39m 11ms (unchanged)
e2e/tests/dashboard.spec.ts[2K[1G[90me2e/tests/dashboard.spec.ts[39m 2ms (unchanged)
e2e/tests/directions.spec.ts[2K[1G[90me2e/tests/directions.spec.ts[39m 13ms (unchanged)
e2e/tests/forgot-password.spec.ts[2K[1G[90me2e/tests/forgot-password.spec.ts[39m 4ms (unchanged)
e2e/tests/notifications.spec.ts[2K[1G[90me2e/tests/notifications.spec.ts[39m 5ms (unchanged)
e2e/tests/permissions.spec.ts[2K[1G[90me2e/tests/permissions.spec.ts[39m 18ms (unchanged)
e2e/tests/settings.spec.ts[2K[1G[90me2e/tests/settings.spec.ts[39m 4ms (unchanged)
e2e/tests/users.spec.ts[2K[1G[90me2e/tests/users.spec.ts[39m 9ms (unchanged)
e2e/tests/vendor-detail.spec.ts[2K[1G[90me2e/tests/vendor-detail.spec.ts[39m 8ms (unchanged)
e2e/tests/vendors.spec.ts[2K[1G[90me2e/tests/vendors.spec.ts[39m 8ms (unchanged)
features/auth/components/withPrivate.tsx[2K[1G[90mfeatures/auth/components/withPrivate.tsx[39m 3ms (unchanged)
features/auth/models/decoded-jwt.interface.ts[2K[1G[90mfeatures/auth/models/decoded-jwt.interface.ts[39m 1ms (unchanged)
features/auth/models/DisplayUser.interface.ts[2K[1G[90mfeatures/auth/models/DisplayUser.interface.ts[39m 1ms (unchanged)
features/auth/models/login-user.interface.ts[2K[1G[90mfeatures/auth/models/login-user.interface.ts[39m 1ms (unchanged)
features/auth/models/user-role.enum.ts[2K[1G[90mfeatures/auth/models/user-role.enum.ts[39m 1ms (unchanged)
features/auth/queries/auth.queries.ts[2K[1G[90mfeatures/auth/queries/auth.queries.ts[39m 5ms (unchanged)
features/auth/services/auth.service.ts[2K[1G[90mfeatures/auth/services/auth.service.ts[39m 8ms (unchanged)
features/auth/store/auth.store.ts[2K[1G[90mfeatures/auth/store/auth.store.ts[39m 3ms (unchanged)
features/contract/components/ContractContent/ContractContent.tsx[2K[1G[90mfeatures/contract/components/ContractContent/ContractContent.tsx[39m 27ms (unchanged)
features/contract/components/ContractsContent/ContractsContent.tsx[2K[1G[90mfeatures/contract/components/ContractsContent/ContractsContent.tsx[39m 28ms (unchanged)
features/contract/components/ContractsFilter/ContractsFilter.tsx[2K[1G[90mfeatures/contract/components/ContractsFilter/ContractsFilter.tsx[39m 23ms (unchanged)
features/contract/components/CreateContract/CreateContract.tsx[2K[1G[90mfeatures/contract/components/CreateContract/CreateContract.tsx[39m 23ms (unchanged)
features/contract/components/ExecutionModal/ExecutionModal.tsx[2K[1G[90mfeatures/contract/components/ExecutionModal/ExecutionModal.tsx[39m 4ms (unchanged)
features/contract/components/SelectVendor/SelectVendor.tsx[2K[1G[90mfeatures/contract/components/SelectVendor/SelectVendor.tsx[39m 7ms (unchanged)
features/contract/models/CreateAgreement.interface.ts[2K[1G[90mfeatures/contract/models/CreateAgreement.interface.ts[39m 1ms (unchanged)
features/contract/models/ExecuteAgreement.interface.ts[2K[1G[90mfeatures/contract/models/ExecuteAgreement.interface.ts[39m 1ms (unchanged)
features/contract/queries/contract.queries.ts[2K[1G[90mfeatures/contract/queries/contract.queries.ts[39m 6ms (unchanged)
features/convension/components/ConvernsionsContent/ConvensionContent.tsx[2K[1G[90mfeatures/convension/components/ConvernsionsContent/ConvensionContent.tsx[39m 19ms (unchanged)
features/dashboard/components/AgreementStatsCard/AgreementStatsCard.tsx[2K[1G[90mfeatures/dashboard/components/AgreementStatsCard/AgreementStatsCard.tsx[39m 25ms (unchanged)
features/dashboard/components/CreateUser/CreateUser.tsx[2K[1G[90mfeatures/dashboard/components/CreateUser/CreateUser.tsx[39m 36ms (unchanged)
features/dashboard/components/DashboardLayout.tsx/DashboardLayout.tsx[2K[1G[90mfeatures/dashboard/components/DashboardLayout.tsx/DashboardLayout.tsx[39m 4ms (unchanged)
features/dashboard/components/lastEventsCard/LastEventsCard.tsx[2K[1G[90mfeatures/dashboard/components/lastEventsCard/LastEventsCard.tsx[39m 5ms (unchanged)
features/dashboard/components/MainDashboard/MainDashboard.tsx[2K[1G[90mfeatures/dashboard/components/MainDashboard/MainDashboard.tsx[39m 12ms (unchanged)
features/dashboard/components/Sidebar/Sidebar.tsx[2K[1G[90mfeatures/dashboard/components/Sidebar/Sidebar.tsx[39m 9ms (unchanged)
features/dashboard/components/Topbar/Notifications/Notifications.tsx[2K[1G[90mfeatures/dashboard/components/Topbar/Notifications/Notifications.tsx[39m 12ms (unchanged)
features/dashboard/components/Topbar/PopoverContent/PopoverContent.tsx[2K[1G[90mfeatures/dashboard/components/Topbar/PopoverContent/PopoverContent.tsx[39m 6ms (unchanged)
features/dashboard/components/Topbar/Topbar.tsx[2K[1G[90mfeatures/dashboard/components/Topbar/Topbar.tsx[39m 12ms (unchanged)
features/dashboard/components/UserActions/DeleteUserAction/DeleteUserAction.tsx[2K[1G[90mfeatures/dashboard/components/UserActions/DeleteUserAction/DeleteUserAction.tsx[39m 11ms (unchanged)
features/dashboard/components/UserActions/DeleteVendorAction/DeleteVendorAction.tsx[2K[1G[90mfeatures/dashboard/components/UserActions/DeleteVendorAction/DeleteVendorAction.tsx[39m 2ms (unchanged)
features/dashboard/components/UserActions/UserActions.tsx[2K[1G[90mfeatures/dashboard/components/UserActions/UserActions.tsx[39m 5ms (unchanged)
features/dashboard/components/UsersCard/UsersCard.tsx[2K[1G[90mfeatures/dashboard/components/UsersCard/UsersCard.tsx[39m 7ms (unchanged)
features/dashboard/components/UsersContent/UsersContent.tsx[2K[1G[90mfeatures/dashboard/components/UsersContent/UsersContent.tsx[39m 17ms (unchanged)
features/dashboard/components/UsersFilter/UsersFilter.tsx[2K[1G[90mfeatures/dashboard/components/UsersFilter/UsersFilter.tsx[39m 17ms (unchanged)
features/dashboard/components/VendorsCard/ChangeDate/ChangeDate.tsx[2K[1G[90mfeatures/dashboard/components/VendorsCard/ChangeDate/ChangeDate.tsx[39m 8ms (unchanged)
features/dashboard/components/VendorsCard/VendorsCard.tsx[2K[1G[90mfeatures/dashboard/components/VendorsCard/VendorsCard.tsx[39m 6ms (unchanged)
features/dashboard/data.ts[2K[1G[90mfeatures/dashboard/data.ts[39m 1ms (unchanged)
features/dashboard/models/CreateUser.interface.ts[2K[1G[90mfeatures/dashboard/models/CreateUser.interface.ts[39m 1ms (unchanged)
features/dashboard/models/paginationResponse.interface.ts[2K[1G[90mfeatures/dashboard/models/paginationResponse.interface.ts[39m 2ms (unchanged)
features/dashboard/VendorActions/VendorActions.tsx[2K[1G[90mfeatures/dashboard/VendorActions/VendorActions.tsx[39m 3ms (unchanged)
features/direction/components/CreateDepartement/CreateDepartement.tsx[2K[1G[90mfeatures/direction/components/CreateDepartement/CreateDepartement.tsx[39m 6ms (unchanged)
features/direction/components/CreateDirection/CreateDirection.tsx[2K[1G[90mfeatures/direction/components/CreateDirection/CreateDirection.tsx[39m 12ms (unchanged)
features/direction/components/DeleteDirectionModal/DeleteDirectionModal.tsx[2K[1G[90mfeatures/direction/components/DeleteDirectionModal/DeleteDirectionModal.tsx[39m 4ms (unchanged)
features/direction/components/DepartementUsersList/DepartementUsersList.tsx[2K[1G[90mfeatures/direction/components/DepartementUsersList/DepartementUsersList.tsx[39m 6ms (unchanged)
features/direction/components/DirectionContent/DirectionContent.tsx[2K[1G[90mfeatures/direction/components/DirectionContent/DirectionContent.tsx[39m 18ms (unchanged)
features/direction/models/departement.interface.ts[2K[1G[90mfeatures/direction/models/departement.interface.ts[39m 1ms (unchanged)
features/direction/models/direction.interface.ts[2K[1G[90mfeatures/direction/models/direction.interface.ts[39m 2ms (unchanged)
features/direction/queries/direction.queries.ts[2K[1G[90mfeatures/direction/queries/direction.queries.ts[39m 4ms (unchanged)
features/forgot-password/components/ForgotPassword/ForgotPassword.tsx[2K[1G[90mfeatures/forgot-password/components/ForgotPassword/ForgotPassword.tsx[39m 3ms (unchanged)
features/forgot-password/components/RestPassword/ResetPassword.tsx[2K[1G[90mfeatures/forgot-password/components/RestPassword/ResetPassword.tsx[39m 4ms (unchanged)
features/notification/hooks/useNotificationSocket.ts[2K[1G[90mfeatures/notification/hooks/useNotificationSocket.ts[39m 5ms (unchanged)
features/notification/models/Entity.enum.ts[2K[1G[90mfeatures/notification/models/Entity.enum.ts[39m 1ms (unchanged)
features/notification/models/Notification.interface.ts[2K[1G[90mfeatures/notification/models/Notification.interface.ts[39m 1ms (unchanged)
features/notification/models/NotificationEvents.ts[2K[1G[90mfeatures/notification/models/NotificationEvents.ts[39m 1ms (unchanged)
features/notification/models/Operation.enum.ts[2K[1G[90mfeatures/notification/models/Operation.enum.ts[39m 0ms (unchanged)
features/notification/models/StatsUpdatePayload.interface.ts[2K[1G[90mfeatures/notification/models/StatsUpdatePayload.interface.ts[39m 1ms (unchanged)
features/notification/models/UserEvent.interface.ts[2K[1G[90mfeatures/notification/models/UserEvent.interface.ts[39m 1ms (unchanged)
features/notification/models/UserEventTypes.enum.ts[2K[1G[90mfeatures/notification/models/UserEventTypes.enum.ts[39m 1ms (unchanged)
features/notification/queries/notification.queries.ts[2K[1G[90mfeatures/notification/queries/notification.queries.ts[39m 1ms (unchanged)
features/notification/store/notification.store.ts[2K[1G[90mfeatures/notification/store/notification.store.ts[39m 3ms (unchanged)
features/onboarding/components/OnboardingCard/OnboardingCard.tsx[2K[1G[90mfeatures/onboarding/components/OnboardingCard/OnboardingCard.tsx[39m 8ms (unchanged)
features/onboarding/components/OnboardingTrigger/OnboardingTrigger.tsx[2K[1G[90mfeatures/onboarding/components/OnboardingTrigger/OnboardingTrigger.tsx[39m 2ms (unchanged)
features/onboarding/components/WelcomeModal/WelcomeModal.tsx[2K[1G[90mfeatures/onboarding/components/WelcomeModal/WelcomeModal.tsx[39m 2ms (unchanged)
features/onboarding/data/tours.ts[2K[1G[90mfeatures/onboarding/data/tours.ts[39m 8ms (unchanged)
features/settings/ChangePassword/ChangePassword.tsx[2K[1G[90mfeatures/settings/ChangePassword/ChangePassword.tsx[39m 4ms (unchanged)
features/settings/components/Settings/Settings.tsx[2K[1G[90mfeatures/settings/components/Settings/Settings.tsx[39m 6ms (unchanged)
features/statistics/models/AgreementStats.interface.ts[2K[1G[90mfeatures/statistics/models/AgreementStats.interface.ts[39m 1ms (unchanged)
features/statistics/models/AgreementsTopDirections.interface.ts[2K[1G[90mfeatures/statistics/models/AgreementsTopDirections.interface.ts[39m 1ms (unchanged)
features/statistics/models/AgreementTypes.interface.ts[2K[1G[90mfeatures/statistics/models/AgreementTypes.interface.ts[39m 1ms (unchanged)
features/statistics/models/UserTypes.interface.ts[2K[1G[90mfeatures/statistics/models/UserTypes.interface.ts[39m 1ms (unchanged)
features/statistics/models/VendorStats.interface.ts[2K[1G[90mfeatures/statistics/models/VendorStats.interface.ts[39m 1ms (unchanged)
features/statistics/queries/statistics.queries.ts[2K[1G[90mfeatures/statistics/queries/statistics.queries.ts[39m 2ms (unchanged)
features/statistics/store/date-range.store.ts[2K[1G[90mfeatures/statistics/store/date-range.store.ts[39m 1ms (unchanged)
features/ui/store/snackbar.store.ts[2K[1G[90mfeatures/ui/store/snackbar.store.ts[39m 2ms (unchanged)
features/user/components/UserProfile/UserProfile.tsx[2K[1G[90mfeatures/user/components/UserProfile/UserProfile.tsx[39m 10ms (unchanged)
features/user/queries/user.queries.ts[2K[1G[90mfeatures/user/queries/user.queries.ts[39m 8ms (unchanged)
features/vendor/components/AgreementList/AgreementList.tsx[2K[1G[90mfeatures/vendor/components/AgreementList/AgreementList.tsx[39m 7ms (unchanged)
features/vendor/components/CreateVendor/CreateVendor.tsx[2K[1G[90mfeatures/vendor/components/CreateVendor/CreateVendor.tsx[39m 15ms (unchanged)
features/vendor/components/vendorContent/vendorContent.tsx[2K[1G[90mfeatures/vendor/components/vendorContent/vendorContent.tsx[39m 22ms (unchanged)
features/vendor/components/VendorsContent/VendorsContent.tsx[2K[1G[90mfeatures/vendor/components/VendorsContent/VendorsContent.tsx[39m 9ms (unchanged)
features/vendor/models/vendor.interface.ts[2K[1G[90mfeatures/vendor/models/vendor.interface.ts[39m 1ms (unchanged)
features/vendor/queries/vendor.queries.ts[2K[1G[90mfeatures/vendor/queries/vendor.queries.ts[39m 5ms (unchanged)
global/withSnackbar.tsx[2K[1G[90mglobal/withSnackbar.tsx[39m 2ms (unchanged)
hooks/auth/useAxiosPrivate.ts[2K[1G[90mhooks/auth/useAxiosPrivate.ts[39m 4ms (unchanged)
hooks/input/models/input-action-type.ts[2K[1G[90mhooks/input/models/input-action-type.ts[39m 1ms (unchanged)
hooks/input/models/input-state.interface.ts[2K[1G[90mhooks/input/models/input-state.interface.ts[39m 1ms (unchanged)
hooks/input/use-input.ts[2K[1G[90mhooks/input/use-input.ts[39m 2ms (unchanged)
hooks/useDebounce.hook.ts[2K[1G[90mhooks/useDebounce.hook.ts[39m 2ms (unchanged)
icons/AdminIcon.tsx[2K[1G[90micons/AdminIcon.tsx[39m 3ms (unchanged)
icons/ContractFilledIcon.tsx[2K[1G[90micons/ContractFilledIcon.tsx[39m 6ms (unchanged)
icons/ContractsIcon.tsx[2K[1G[90micons/ContractsIcon.tsx[39m 1ms (unchanged)
icons/ConvensionFilledIcon.tsx[2K[1G[90micons/ConvensionFilledIcon.tsx[39m 1ms (unchanged)
icons/ConvensionIcon.tsx[2K[1G[90micons/ConvensionIcon.tsx[39m 1ms (unchanged)
icons/DirectionsIcon.tsx[2K[1G[90micons/DirectionsIcon.tsx[39m 1ms (unchanged)
icons/EmployeeIcon.tsx[2K[1G[90micons/EmployeeIcon.tsx[39m 2ms (unchanged)
icons/FilterIcon.tsx[2K[1G[90micons/FilterIcon.tsx[39m 1ms (unchanged)
icons/JuridicalIcon.tsx[2K[1G[90micons/JuridicalIcon.tsx[39m 1ms (unchanged)
icons/LittleChevronIcon.tsx[2K[1G[90micons/LittleChevronIcon.tsx[39m 2ms (unchanged)
icons/MainDashboardIcon.tsx[2K[1G[90micons/MainDashboardIcon.tsx[39m 2ms (unchanged)
icons/NotificationIcon.tsx[2K[1G[90micons/NotificationIcon.tsx[39m 1ms (unchanged)
icons/UsersIcon.tsx[2K[1G[90micons/UsersIcon.tsx[39m 1ms (unchanged)
icons/VendorsIcon.tsx[2K[1G[90micons/VendorsIcon.tsx[39m 1ms (unchanged)
lib/avatar.ts[2K[1G[90mlib/avatar.ts[39m 2ms (unchanged)
lib/query-client.ts[2K[1G[90mlib/query-client.ts[39m 2ms (unchanged)
lib/query-keys.ts[2K[1G[90mlib/query-keys.ts[39m 3ms (unchanged)
lib/tokens.ts[2K[1G[90mlib/tokens.ts[39m 2ms (unchanged)
mocks/browser.ts[2K[1G[90mmocks/browser.ts[39m 1ms (unchanged)
mocks/config.ts[2K[1G[90mmocks/config.ts[39m 1ms (unchanged)
mocks/db.ts[2K[1G[90mmocks/db.ts[39m 5ms (unchanged)
mocks/fixtures/agreements.ts[2K[1G[90mmocks/fixtures/agreements.ts[39m 34ms (unchanged)
mocks/fixtures/auth.ts[2K[1G[90mmocks/fixtures/auth.ts[39m 3ms (unchanged)
mocks/fixtures/directions.ts[2K[1G[90mmocks/fixtures/directions.ts[39m 6ms (unchanged)
mocks/fixtures/statistics.ts[2K[1G[90mmocks/fixtures/statistics.ts[39m 2ms (unchanged)
mocks/fixtures/users.ts[2K[1G[90mmocks/fixtures/users.ts[39m 6ms (unchanged)
mocks/fixtures/vendors.ts[2K[1G[90mmocks/fixtures/vendors.ts[39m 8ms (unchanged)
mocks/handlers/agreements.handlers.ts[2K[1G[90mmocks/handlers/agreements.handlers.ts[39m 26ms (unchanged)
mocks/handlers/auth.handlers.ts[2K[1G[90mmocks/handlers/auth.handlers.ts[39m 6ms (unchanged)
mocks/handlers/directions.handlers.ts[2K[1G[90mmocks/handlers/directions.handlers.ts[39m 5ms (unchanged)
mocks/handlers/notifications.handlers.ts[2K[1G[90mmocks/handlers/notifications.handlers.ts[39m 2ms (unchanged)
mocks/handlers/statistics.handlers.ts[2K[1G[90mmocks/handlers/statistics.handlers.ts[39m 1ms (unchanged)
mocks/handlers/users.handlers.ts[2K[1G[90mmocks/handlers/users.handlers.ts[39m 6ms (unchanged)
mocks/handlers/vendors.handlers.ts[2K[1G[90mmocks/handlers/vendors.handlers.ts[39m 5ms (unchanged)
mocks/index.ts[2K[1G[90mmocks/index.ts[39m 1ms (unchanged)
playwright.config.ts[2K[1G[90mplaywright.config.ts[39m 2ms (unchanged)
providers/root-provider.tsx[2K[1G[90mproviders/root-provider.tsx[39m 3ms (unchanged)
shared/components/Breadcrumb/Breadcrumb.tsx[2K[1G[90mshared/components/Breadcrumb/Breadcrumb.tsx[39m 2ms (unchanged)
shared/components/EmptyState/EmptyState.tsx[2K[1G[90mshared/components/EmptyState/EmptyState.tsx[39m 1ms (unchanged)
shared/models/action.interface.ts[2K[1G[90mshared/models/action.interface.ts[39m 1ms (unchanged)
shared/utils/validation/email.ts[2K[1G[90mshared/utils/validation/email.ts[39m 1ms (unchanged)
shared/utils/validation/emailOrUsername.ts[2K[1G[90mshared/utils/validation/emailOrUsername.ts[39m 1ms (unchanged)
shared/utils/validation/length.ts[2K[1G[90mshared/utils/validation/length.ts[39m 2ms (unchanged)
shared/utils/validation/models/options/length.ts[2K[1G[90mshared/utils/validation/models/options/length.ts[39m 1ms (unchanged)
shared/utils/validation/models/validatorFn.interface.ts[2K[1G[90mshared/utils/validation/models/validatorFn.interface.ts[39m 1ms (unchanged)
shared/utils/validation/validateCompanyName.ts[2K[1G[90mshared/utils/validation/validateCompanyName.ts[39m 1ms (unchanged)
shared/utils/validation/validateHomePhoneNumber.ts[2K[1G[90mshared/utils/validation/validateHomePhoneNumber.ts[39m 1ms (unchanged)
shared/utils/validation/validatemobilePhoneNumber.ts[2K[1G[90mshared/utils/validation/validatemobilePhoneNumber.ts[39m 1ms (unchanged)
shared/utils/validation/validateNif.ts[2K[1G[90mshared/utils/validation/validateNif.ts[39m 1ms (unchanged)
shared/utils/validation/validateUsername.ts[2K[1G[90mshared/utils/validation/validateUsername.ts[39m 1ms (unchanged)
theme.ts[2K[1G[90mtheme.ts[39m 7ms (unchanged)
